0d28 app_context::start_logger  476 ---- 2025/11/09 18:19:38.996 -------------------------------------------------
0d28 app_context::start_logger  479 Host process is 'cmd.exe' (pid 3368)
0d28 app_context::start_logger  483 DLL path is 'C:\GitHub\dotfiles\bin\cmder\vendor\clink'
0d28 app_context::start_logger  498 Windows version 10.0.19045 (x64)
0d28 app_context::start_logger  500 Clink version 1.6.14.93b83f (x64)
0d28 hook_setter::hook_setter  159 >>> Started hook transaction.
0d28 hook_setter::attach_iat   316 Attempting to hook SetEnvironmentVariableW in IAT for module 00007FF770740000.
0d28 pe_info::iterate_imports  195 Found import in 'api-ms-win-core-processenvironment-l1-1-0.dll'
0d28 find_iat                  124 Found import at 00007FF770773860 (value is 00007FF91BC9E9A0).
0d28 hook_setter::attach_iat   316 Attempting to hook SetEnvironmentStringsW in IAT for module 00007FF770740000.
0d28 pe_info::iterate_imports  195 Found import in 'api-ms-win-core-processenvironment-l1-1-0.dll'
0d28 find_iat                  124 Found import at 00007FF770773888 (value is 00007FF91BC99130).
0d28 hook_setter::attach_iat   316 Attempting to hook WriteConsoleW in IAT for module 00007FF770740000.
0d28 pe_info::iterate_imports  195 Found import in 'api-ms-win-core-console-l1-1-0.dll'
0d28 find_iat                  124 Found import at 00007FF7707734F8 (value is 00007FF91BC7A460).
0d28 hook_setter::attach_iat   316 Attempting to hook GetEnvironmentVariableW in IAT for module 00007FF770740000.
0d28 pe_info::iterate_imports  195 Found import in 'api-ms-win-core-processenvironment-l1-1-0.dll'
0d28 find_iat                  124 Found import at 00007FF770773880 (value is 00007FF91BC5D8F0).
0d28 hook_setter::commit       207 <<< Hook transaction committed.
0d28 hook_setter::hook_setter  159 >>> Started hook transaction.
0d28 hook_setter::detach_iat   359 Attempting to unhook 00007FF8DB515200 from GetEnvironmentVariableW in IAT for module 00007FF770740000.
0d28 pe_info::iterate_imports  195 Found import in 'api-ms-win-core-processenvironment-l1-1-0.dll'
0d28 find_iat                  124 Found import at 00007FF770773880 (value is 00007FF8DB515200).
0d28 hook_setter::commit       207 <<< Hook transaction committed.
0d28 hook_setter::hook_setter  159 >>> Started hook transaction.
0d28 hook_setter::attach_iat   316 Attempting to hook ReadConsoleW in IAT for module 00007FF770740000.
0d28 pe_info::iterate_imports  195 Found import in 'api-ms-win-core-console-l1-1-0.dll'
0d28 find_iat                  124 Found import at 00007FF7707734E0 (value is 00007FF91BD4F220).
0d28 hook_setter::commit       207 <<< Hook transaction committed.
0d28 hook_setter::hook_setter  159 >>> Started hook transaction.
0d28 hook_setter::attach_iat   316 Attempting to hook SetConsoleTitleW in IAT for module 00007FF770740000.
0d28 pe_info::iterate_imports  195 Found import in 'api-ms-win-core-console-l2-2-0.dll'
0d28 find_iat                  124 Found import at 00007FF770773558 (value is 00007FF91BC76600).
0d28 hook_setter::commit       207 <<< Hook transaction committed.
0d28 win_screen_buffer::begin  366 Using native terminal support (auto mode found 'ConEmuHk64.dll').
0d28 reset_handle              144 resetting mismatched stdout handle
0d28 host_lua::load_scripts    192 Loaded 2 Lua scripts in 253 ms
0d28 @~clink~/app/update.lua   370 Clink updater: too soon to check for updates (1762741089 vs 1762741179).
0d28 history_db::initialise   1321 master bank ctag: |CTAG_1762741089_4667984_6276_0
0d28 history_db::compact      1599 History:  3 active, 0 deleted
0d28 history_db::compact      1599 History:  3 active, 0 deleted
0d28 history_db::compact      1599 History:  2 active, 1 deleted
0d28 history_db::compact      1599 History:  2 active, 1 deleted
0d28 history_db::compact      1599 History:  2 active, 1 deleted
0d28 history_db::compact      1599 History:  2 active, 1 deleted
